freertos.c:112:6:vApplicationGetIdleTaskMemory	24	static
freertos.c:126:6:MX_FREERTOS_Init	208	static
freertos.c:197:6:StartDefaultTask	16	static
freertos.c:254:6:StartDisplayTask	712	static
freertos.c:428:6:StartDataTask	2488	static
freertos.c:668:6:StartControlTask	792	static
freertos.c:1130:6:StartLEDsTask	168	static
freertos.c:1211:6:UPTIME_IRQHandler	4	static
freertos.c:1215:6:WDG_tim13_Handler	8	static
freertos.c:1232:10:ADC_Mean	24	static
freertos.c:1241:10:ADC_to_Volt	16	static
freertos.c:1245:6:ADC_Read12vHandler	24	static,ignoring_inline_asm
freertos.c:1288:6:HAL_ADC_LevelOutOfWindowCallback	32	static,ignoring_inline_asm
freertos.c:1314:6:PowerON	32	static
freertos.c:1390:6:PowerOFF	16	static
freertos.c:1424:6:SleepMode	40	static
freertos.c:1479:6:FlashWriteStart	4	static
freertos.c:1486:6:BigLatter	16	static
freertos.c:1503:9:TemperatureGetData	24	static
freertos.c:1516:6:PutERROR	32	static
freertos.c:1530:6:PowerButtonHandler	24	static
freertos.c:1563:6:ScrollingButtonHandler	24	static
freertos.c:1635:6:ServiceModeButtonHandler	24	static
freertos.c:1677:6:ConnHandler	16	static
freertos.c:1727:9:CRC32_Status	64	static
freertos.c:1808:9:FindString	32	static
freertos.c:1828:6:LED_control	16	static
freertos.c:1851:6:LEDs_OFF	8	static
freertos.c:1869:6:PutString	40	static
freertos.c:1883:6:PassSym	32	static
freertos.c:1891:6:PassSymCRC	32	static
freertos.c:1902:10:HexToDec	40	static
freertos.c:1933:6:LEDStringPars	24	static
freertos.c:1952:6:ServiceStringPars	16	static
freertos.c:1964:6:HAL_UART_RxHalfCpltCallback	16	static
freertos.c:1971:6:DisplayInit	16	static
