freertos.c:112:6:vApplicationGetIdleTaskMemory	24	static
freertos.c:126:6:MX_FREERTOS_Init	208	static
freertos.c:197:6:StartDefaultTask	16	static
freertos.c:255:6:StartDisplayTask	712	static
freertos.c:429:6:StartDataTask	2488	static
freertos.c:669:6:StartControlTask	856	static
freertos.c:1141:6:StartLEDsTask	168	static
freertos.c:1222:6:UPTIME_IRQHandler	4	static
freertos.c:1226:6:WDG_tim13_Handler	8	static
freertos.c:1243:6:Send32toMem	48	static
freertos.c:1255:10:Read32toMem	56	static
freertos.c:1267:10:ADC_Mean	24	static
freertos.c:1277:10:ADC_to_Volt	16	static
freertos.c:1281:6:ADC_Read12vHandler	24	static,ignoring_inline_asm
freertos.c:1324:6:HAL_ADC_LevelOutOfWindowCallback	32	static,ignoring_inline_asm
freertos.c:1351:6:I2C_Write	32	static
freertos.c:1362:6:I2C_Read	32	static
freertos.c:1378:6:PowerON	32	static
freertos.c:1449:6:PowerOFF	16	static
freertos.c:1483:6:SleepMode	40	static
freertos.c:1530:6:FlashWriteStart	4	static
freertos.c:1537:6:BigLatter	16	static
freertos.c:1554:9:TemperatureGetData	24	static
freertos.c:1567:6:PutERROR	32	static
freertos.c:1581:6:PowerButtonHandler	24	static
freertos.c:1614:6:ScrollingButtonHandler	24	static
freertos.c:1686:6:ServiceModeButtonHandler	24	static
freertos.c:1729:6:ConnHandler	16	static
freertos.c:1779:9:CRC32_Status	64	static
freertos.c:1860:9:FindString	32	static
freertos.c:1880:6:LED_control	16	static
freertos.c:1903:6:LEDs_OFF	8	static
freertos.c:1921:6:PutString	40	static
freertos.c:1935:6:PassSym	32	static
freertos.c:1943:6:PassSymCRC	32	static
freertos.c:1954:10:HexToDec	40	static
freertos.c:1985:6:LEDStringPars	24	static
freertos.c:2004:6:ServiceStringPars	16	static
freertos.c:2016:6:HAL_UART_RxHalfCpltCallback	16	static
freertos.c:2023:6:DisplayInit	16	static
