freertos.c:112:6:vApplicationGetIdleTaskMemory	24	static
freertos.c:126:6:MX_FREERTOS_Init	208	static
freertos.c:197:6:StartDefaultTask	16	static
freertos.c:252:6:StartDisplayTask	712	static
freertos.c:438:6:StartDataTask	2248	static
freertos.c:669:6:StartControlTask	904	static
freertos.c:1113:6:StartLEDsTask	168	static
freertos.c:1194:6:UPTIME_IRQHandler	4	static
freertos.c:1198:6:WDG_tim13_Handler	8	static
freertos.c:1215:10:ADC_Mean	24	static
freertos.c:1224:10:ADC_to_Volt	16	static
freertos.c:1228:6:ADC_Read12vHandler	24	static,ignoring_inline_asm
freertos.c:1291:6:HAL_ADC_LevelOutOfWindowCallback	32	static,ignoring_inline_asm
freertos.c:1317:6:PowerON	32	static
freertos.c:1393:6:PowerOFF	16	static
freertos.c:1421:6:SleepMode	40	static
freertos.c:1476:6:FlashWriteStart	4	static
freertos.c:1483:6:BigLatter	16	static
freertos.c:1500:9:TemperatureGetData	24	static
freertos.c:1513:6:PutERROR	32	static
freertos.c:1527:6:PowerButtonHandler	24	static
freertos.c:1560:6:ScrollingButtonHandler	24	static
freertos.c:1632:6:ServiceModeButtonHandler	24	static
freertos.c:1674:6:ConnHandler	16	static
freertos.c:1724:9:CRC32_Status	64	static
freertos.c:1805:9:FindString	32	static
freertos.c:1825:6:LED_control	16	static
freertos.c:1848:6:LEDs_OFF	8	static
freertos.c:1866:6:PutString	40	static
freertos.c:1880:6:PassSym	32	static
freertos.c:1888:6:PassSymCRC	32	static
freertos.c:1899:10:HexToDec	40	static
freertos.c:1930:6:LEDStringPars	24	static
freertos.c:1949:6:ServiceStringPars	16	static
freertos.c:1961:6:HAL_UART_RxHalfCpltCallback	16	static
freertos.c:1968:6:DisplayInit	16	static
