freertos.c:104:6:vApplicationGetIdleTaskMemory	24	static
freertos.c:118:6:MX_FREERTOS_Init	208	static
freertos.c:189:6:StartDefaultTask	16	static
freertos.c:223:6:StartDisplayTask	688	static
freertos.c:382:6:StartDataTask	2216	static
freertos.c:541:6:StartControlTask	528	static
freertos.c:876:6:StartLEDsTask	168	static
freertos.c:955:6:UPTIME_IRQHandler	4	static
freertos.c:987:6:HAL_ADC_LevelOutOfWindowCallback	32	static,ignoring_inline_asm
freertos.c:1013:6:PowerON	32	static
freertos.c:1072:6:PowerOFF	16	static
freertos.c:1100:6:SleepMode	40	static
freertos.c:1155:6:FlashWriteStart	4	static
freertos.c:1162:6:BigLatter	16	static
freertos.c:1179:9:TemperatureGetData	24	static
freertos.c:1192:6:PutERROR	32	static
freertos.c:1205:6:PowerButtonHandler	24	static
freertos.c:1238:6:ScrollingButtonHandler	24	static
freertos.c:1309:6:ServiceModeButtonHandler	24	static
freertos.c:1333:6:ConnHandler	16	static
freertos.c:1362:9:CRC32_Status	64	static
freertos.c:1442:9:FindString	32	static
freertos.c:1462:6:LED_control	16	static
freertos.c:1485:6:LEDs_OFF	8	static
freertos.c:1509:6:PassSym	32	static
freertos.c:1517:6:PassSymCRC	32	static
freertos.c:1528:10:HexToDec	40	static
freertos.c:1559:6:LEDStringPars	24	static
freertos.c:1578:6:ServiceStringPars	16	static
freertos.c:1590:6:HAL_UART_RxHalfCpltCallback	16	static
freertos.c:1597:6:DisplayInit	16	static
