freertos.c:110:6:vApplicationGetIdleTaskMemory	24	static
freertos.c:124:6:MX_FREERTOS_Init	208	static
freertos.c:195:6:StartDefaultTask	16	static
freertos.c:233:6:StartDisplayTask	696	static
freertos.c:402:6:StartDataTask	2216	static
freertos.c:582:6:StartControlTask	536	static
freertos.c:935:6:StartLEDsTask	168	static
freertos.c:1014:6:UPTIME_IRQHandler	4	static
freertos.c:1018:6:ADC_Read12vHandler	24	static,ignoring_inline_asm
freertos.c:1079:6:HAL_ADC_LevelOutOfWindowCallback	32	static,ignoring_inline_asm
freertos.c:1105:6:PowerON	32	static
freertos.c:1169:6:PowerOFF	16	static
freertos.c:1197:6:SleepMode	40	static
freertos.c:1252:6:FlashWriteStart	4	static
freertos.c:1259:6:BigLatter	16	static
freertos.c:1276:9:TemperatureGetData	24	static
freertos.c:1289:6:PutERROR	32	static
freertos.c:1302:6:PowerButtonHandler	24	static
freertos.c:1335:6:ScrollingButtonHandler	24	static
freertos.c:1407:6:ServiceModeButtonHandler	24	static
freertos.c:1448:6:ConnHandler	16	static
freertos.c:1497:9:CRC32_Status	64	static
freertos.c:1577:9:FindString	32	static
freertos.c:1597:6:LED_control	16	static
freertos.c:1620:6:LEDs_OFF	8	static
freertos.c:1644:6:PassSym	32	static
freertos.c:1652:6:PassSymCRC	32	static
freertos.c:1663:10:HexToDec	40	static
freertos.c:1694:6:LEDStringPars	24	static
freertos.c:1713:6:ServiceStringPars	16	static
freertos.c:1725:6:HAL_UART_RxHalfCpltCallback	16	static
freertos.c:1732:6:DisplayInit	16	static
