freertos.c:110:6:vApplicationGetIdleTaskMemory	24	static
freertos.c:124:6:MX_FREERTOS_Init	208	static
freertos.c:195:6:StartDefaultTask	16	static
freertos.c:246:6:StartDisplayTask	712	static
freertos.c:431:6:StartDataTask	2248	static
freertos.c:661:6:StartControlTask	1144	static
freertos.c:1104:6:StartLEDsTask	168	static
freertos.c:1183:6:UPTIME_IRQHandler	4	static
freertos.c:1187:10:ADC_Mean	24	static
freertos.c:1196:10:ADC_to_Volt	16	static
freertos.c:1200:6:ADC_Read12vHandler	24	static,ignoring_inline_asm
freertos.c:1263:6:HAL_ADC_LevelOutOfWindowCallback	32	static,ignoring_inline_asm
freertos.c:1289:6:PowerON	32	static
freertos.c:1365:6:PowerOFF	16	static
freertos.c:1393:6:SleepMode	40	static
freertos.c:1448:6:FlashWriteStart	4	static
freertos.c:1455:6:BigLatter	16	static
freertos.c:1472:9:TemperatureGetData	24	static
freertos.c:1485:6:PutERROR	32	static
freertos.c:1499:6:PowerButtonHandler	24	static
freertos.c:1532:6:ScrollingButtonHandler	24	static
freertos.c:1604:6:ServiceModeButtonHandler	24	static
freertos.c:1645:6:ConnHandler	16	static
freertos.c:1695:9:CRC32_Status	64	static
freertos.c:1776:9:FindString	32	static
freertos.c:1796:6:LED_control	16	static
freertos.c:1819:6:LEDs_OFF	8	static
freertos.c:1837:6:PutString	40	static
freertos.c:1851:6:PassSym	32	static
freertos.c:1859:6:PassSymCRC	32	static
freertos.c:1870:10:HexToDec	40	static
freertos.c:1901:6:LEDStringPars	24	static
freertos.c:1920:6:ServiceStringPars	16	static
freertos.c:1932:6:HAL_UART_RxHalfCpltCallback	16	static
freertos.c:1939:6:DisplayInit	16	static
