stm32f4xx_it.c:80:6:NMI_Handler	4	static
stm32f4xx_it.c:93:6:HardFault_Handler	4	static
stm32f4xx_it.c:108:6:MemManage_Handler	4	static
stm32f4xx_it.c:123:6:BusFault_Handler	4	static
stm32f4xx_it.c:138:6:UsageFault_Handler	4	static
stm32f4xx_it.c:153:6:DebugMon_Handler	4	static
stm32f4xx_it.c:173:6:DMA1_Stream1_IRQHandler	8	static
stm32f4xx_it.c:187:6:ADC_IRQHandler	8	static
stm32f4xx_it.c:201:6:USART3_IRQHandler	8	static
stm32f4xx_it.c:215:6:TIM8_UP_TIM13_IRQHandler	8	static
stm32f4xx_it.c:230:6:TIM8_TRG_COM_TIM14_IRQHandler	8	static
stm32f4xx_it.c:244:6:TIM6_DAC_IRQHandler	8	static
stm32f4xx_it.c:258:6:TIM7_IRQHandler	8	static
stm32f4xx_it.c:273:6:DMA2_Stream0_IRQHandler	8	static
